Component: Arm Compiler for Embedded 6.23 Tool: armlink [5f102400]

==============================================================================

Section Cross References

    main.o(.ARM.exidx.text.delay_ms) refers to main.o(.text.delay_ms) for [Anonymous Symbol]
    main.o(.text.main) refers to system_rcc.o(.text.RCC_CONFIGURE) for RCC_CONFIGURE
    main.o(.text.main) refers to gpio.o(.text.GPIO_RCC_CONFIGURE) for GPIO_RCC_CONFIGURE
    main.o(.text.main) refers to gpio.o(.text.GPIO_CONFIGURE) for GPIO_CONFIGURE
    main.o(.text.main) refers to i2c_2.o(.text.I2C_2_RCC_CONFIGURE) for I2C_2_RCC_CONFIGURE
    main.o(.text.main) refers to i2c_2.o(.text.I2C_2_CONFIGURE) for I2C_2_CONFIGURE
    main.o(.text.main) refers to main.o(.text.delay_ms) for delay_ms
    main.o(.text.main) refers to ssd1306.o(.text.OLED_FUN_CMD) for OLED_FUN_CMD
    main.o(.text.main) refers to ssd1306.o(.text.OLED_ADDRESSING_CMD) for OLED_ADDRESSING_CMD
    main.o(.text.main) refers to ssd1306.o(.text.OLED_ADDRESSING_CMD_DATA) for OLED_ADDRESSING_CMD_DATA
    main.o(.text.main) refers to ssd1306.o(.text.OLED_DISPLAY_CLEAR) for OLED_DISPLAY_CLEAR
    main.o(.text.main) refers to ssd1306.o(.text.OLED_SET_COURSOR) for OLED_SET_COURSOR
    main.o(.text.main) refers to i2c_2.o(.text.I2C2_WRITE_DATA) for I2C2_WRITE_DATA
    main.o(.ARM.exidx.text.main) refers to main.o(.text.main) for [Anonymous Symbol]
    gpio.o(.ARM.exidx.text.GPIO_RCC_CONFIGURE) refers to gpio.o(.text.GPIO_RCC_CONFIGURE) for [Anonymous Symbol]
    gpio.o(.ARM.exidx.text.GPIO_CONFIGURE) refers to gpio.o(.text.GPIO_CONFIGURE) for [Anonymous Symbol]
    i2c_2.o(.ARM.exidx.text.I2C_2_RCC_CONFIGURE) refers to i2c_2.o(.text.I2C_2_RCC_CONFIGURE) for [Anonymous Symbol]
    i2c_2.o(.ARM.exidx.text.I2C_2_CONFIGURE) refers to i2c_2.o(.text.I2C_2_CONFIGURE) for [Anonymous Symbol]
    i2c_2.o(.ARM.exidx.text.I2C2_WRITE_CMD) refers to i2c_2.o(.text.I2C2_WRITE_CMD) for [Anonymous Symbol]
    i2c_2.o(.ARM.exidx.text.I2C2_WRITE_DATA) refers to i2c_2.o(.text.I2C2_WRITE_DATA) for [Anonymous Symbol]
    system_rcc.o(.ARM.exidx.text.RCC_CONFIGURE) refers to system_rcc.o(.text.RCC_CONFIGURE) for [Anonymous Symbol]
    ssd1306.o(.text.OLED_FUN_CMD) refers to i2c_2.o(.text.I2C2_WRITE_CMD) for I2C2_WRITE_CMD
    ssd1306.o(.ARM.exidx.text.OLED_FUN_CMD) refers to ssd1306.o(.text.OLED_FUN_CMD) for [Anonymous Symbol]
    ssd1306.o(.text.OLED_ADDRESSING_CMD) refers to i2c_2.o(.text.I2C2_WRITE_CMD) for I2C2_WRITE_CMD
    ssd1306.o(.ARM.exidx.text.OLED_ADDRESSING_CMD) refers to ssd1306.o(.text.OLED_ADDRESSING_CMD) for [Anonymous Symbol]
    ssd1306.o(.text.OLED_ADDRESSING_CMD_DATA) refers to i2c_2.o(.text.I2C2_WRITE_CMD) for I2C2_WRITE_CMD
    ssd1306.o(.ARM.exidx.text.OLED_ADDRESSING_CMD_DATA) refers to ssd1306.o(.text.OLED_ADDRESSING_CMD_DATA) for [Anonymous Symbol]
    ssd1306.o(.text.OLED_STARTING_PAGE) refers to i2c_2.o(.text.I2C2_WRITE_CMD) for I2C2_WRITE_CMD
    ssd1306.o(.ARM.exidx.text.OLED_STARTING_PAGE) refers to ssd1306.o(.text.OLED_STARTING_PAGE) for [Anonymous Symbol]
    ssd1306.o(.text.OLED_SET_COURSOR) refers to i2c_2.o(.text.I2C2_WRITE_CMD) for I2C2_WRITE_CMD
    ssd1306.o(.ARM.exidx.text.OLED_SET_COURSOR) refers to ssd1306.o(.text.OLED_SET_COURSOR) for [Anonymous Symbol]
    ssd1306.o(.text.OLED_DISPLAY_CLEAR) refers to ssd1306.o(.text.OLED_STARTING_PAGE) for OLED_STARTING_PAGE
    ssd1306.o(.text.OLED_DISPLAY_CLEAR) refers to i2c_2.o(.text.I2C2_WRITE_CMD) for I2C2_WRITE_CMD
    ssd1306.o(.text.OLED_DISPLAY_CLEAR) refers to i2c_2.o(.text.I2C2_WRITE_DATA) for I2C2_WRITE_DATA
    ssd1306.o(.ARM.exidx.text.OLED_DISPLAY_CLEAR) refers to ssd1306.o(.text.OLED_DISPLAY_CLEAR) for [Anonymous Symbol]
    startup_stm32g030xx.o(STACK) refers (Special) to heapauxi.o(.text) for __use_two_region_memory
    startup_stm32g030xx.o(HEAP) refers (Special) to heapauxi.o(.text) for __use_two_region_memory
    startup_stm32g030xx.o(RESET) refers (Special) to heapauxi.o(.text) for __use_two_region_memory
    startup_stm32g030xx.o(RESET) refers to startup_stm32g030xx.o(STACK) for __initial_sp
    startup_stm32g030xx.o(RESET) refers to startup_stm32g030xx.o(.text) for Reset_Handler
    startup_stm32g030xx.o(.text) refers (Special) to heapauxi.o(.text) for __use_two_region_memory
    startup_stm32g030xx.o(.text) refers to system_stm32g0xx.o(.text.SystemInit) for SystemInit
    startup_stm32g030xx.o(.text) refers to __main.o(!!!main) for __main
    startup_stm32g030xx.o(.text) refers to startup_stm32g030xx.o(HEAP) for Heap_Mem
    startup_stm32g030xx.o(.text) refers to startup_stm32g030xx.o(STACK) for Stack_Mem
    system_stm32g0xx.o(.ARM.exidx.text.SystemInit) refers to system_stm32g0xx.o(.text.SystemInit) for [Anonymous Symbol]
    system_stm32g0xx.o(.text.SystemCoreClockUpdate) refers to aeabi_sdiv.o(.text) for __aeabi_uidiv
    system_stm32g0xx.o(.text.SystemCoreClockUpdate) refers to system_stm32g0xx.o(.data.SystemCoreClock) for SystemCoreClock
    system_stm32g0xx.o(.text.SystemCoreClockUpdate) refers to system_stm32g0xx.o(.rodata.AHBPrescTable) for AHBPrescTable
    system_stm32g0xx.o(.ARM.exidx.text.SystemCoreClockUpdate) refers to system_stm32g0xx.o(.text.SystemCoreClockUpdate) for [Anonymous Symbol]
    __main.o(!!!main) refers to __rtentry.o(.ARM.Collect$$rtentry$$00000000) for __rt_entry
    __rtentry.o(.ARM.Collect$$rtentry$$00000000) refers (Special) to __rtentry2.o(.ARM.Collect$$rtentry$$0000000A) for __rt_entry_li
    __rtentry.o(.ARM.Collect$$rtentry$$00000000) refers (Special) to __rtentry2.o(.ARM.Collect$$rtentry$$0000000D) for __rt_entry_main
    __rtentry.o(.ARM.Collect$$rtentry$$00000000) refers (Special) to __rtentry2.o(.ARM.Collect$$rtentry$$0000000C) for __rt_entry_postli_1
    __rtentry.o(.ARM.Collect$$rtentry$$00000000) refers (Special) to __rtentry2.o(.ARM.Collect$$rtentry$$00000009) for __rt_entry_postsh_1
    __rtentry.o(.ARM.Collect$$rtentry$$00000000) refers (Special) to __rtentry2.o(.ARM.Collect$$rtentry$$00000002) for __rt_entry_presh_1
    __rtentry.o(.ARM.Collect$$rtentry$$00000000) refers (Special) to __rtentry4.o(.ARM.Collect$$rtentry$$00000004) for __rt_entry_sh
    aeabi_idiv0_sigfpe.o(.text) refers to rt_div0.o(.text) for __rt_div0
    __rtentry2.o(.ARM.Collect$$rtentry$$00000008) refers to boardinit2.o(.text) for _platform_post_stackheap_init
    __rtentry2.o(.ARM.Collect$$rtentry$$0000000A) refers to libinit.o(.ARM.Collect$$libinit$$00000000) for __rt_lib_init
    __rtentry2.o(.ARM.Collect$$rtentry$$0000000B) refers to boardinit3.o(.text) for _platform_post_lib_init
    __rtentry2.o(.ARM.Collect$$rtentry$$0000000D) refers to main.o(.text.main) for main
    __rtentry2.o(.ARM.Collect$$rtentry$$0000000D) refers to exit.o(.text) for exit
    __rtentry2.o(.ARM.exidx) refers to __rtentry2.o(.ARM.Collect$$rtentry$$00000001) for .ARM.Collect$$rtentry$$00000001
    __rtentry2.o(.ARM.exidx) refers to __rtentry2.o(.ARM.Collect$$rtentry$$00000008) for .ARM.Collect$$rtentry$$00000008
    __rtentry2.o(.ARM.exidx) refers to __rtentry2.o(.ARM.Collect$$rtentry$$0000000A) for .ARM.Collect$$rtentry$$0000000A
    __rtentry2.o(.ARM.exidx) refers to __rtentry2.o(.ARM.Collect$$rtentry$$0000000B) for .ARM.Collect$$rtentry$$0000000B
    __rtentry2.o(.ARM.exidx) refers to __rtentry2.o(.ARM.Collect$$rtentry$$0000000D) for .ARM.Collect$$rtentry$$0000000D
    __rtentry4.o(.ARM.Collect$$rtentry$$00000004) refers to sys_stackheap_outer.o(.text) for __user_setup_stackheap
    __rtentry4.o(.ARM.exidx) refers to __rtentry4.o(.ARM.Collect$$rtentry$$00000004) for .ARM.Collect$$rtentry$$00000004
    rt_div0.o(.text) refers to defsig_fpe_outer.o(.text) for __rt_SIGFPE
    sys_stackheap_outer.o(.text) refers to libspace.o(.text) for __user_perproc_libspace
    sys_stackheap_outer.o(.text) refers to startup_stm32g030xx.o(.text) for __user_initial_stackheap
    sys_stackheap_outer.o(__vectab_stack_and_reset_area) refers to tempstk.o(.text) for __temporary_stack_top
    sys_stackheap_outer.o(__vectab_stack_and_reset_area) refers to __main.o(!!!main) for __main
    exit.o(.text) refers to rtexit.o(.ARM.Collect$$rtexit$$00000000) for __rt_exit
    defsig_fpe_outer.o(.text) refers to defsig_fpe_inner.o(.text) for __rt_SIGFPE_inner
    defsig_fpe_outer.o(.text) refers to defsig_exit.o(.text) for __sig_exit
    defsig_fpe_formal.o(.text) refers to rt_raise.o(.text) for __rt_raise
    libinit.o(.ARM.Collect$$libinit$$00000000) refers (Special) to libinit2.o(.ARM.Collect$$libinit$$00000030) for __rt_lib_init_alloca_1
    libinit.o(.ARM.Collect$$libinit$$00000000) refers (Special) to libinit2.o(.ARM.Collect$$libinit$$0000002E) for __rt_lib_init_argv_1
    libinit.o(.ARM.Collect$$libinit$$00000000) refers (Special) to libinit2.o(.ARM.Collect$$libinit$$0000001D) for __rt_lib_init_atexit_1
    libinit.o(.ARM.Collect$$libinit$$00000000) refers (Special) to libinit2.o(.ARM.Collect$$libinit$$00000023) for __rt_lib_init_clock_1
    libinit.o(.ARM.Collect$$libinit$$00000000) refers (Special) to libinit2.o(.ARM.Collect$$libinit$$00000034) for __rt_lib_init_cpp_1
    libinit.o(.ARM.Collect$$libinit$$00000000) refers (Special) to libinit2.o(.ARM.Collect$$libinit$$00000032) for __rt_lib_init_exceptions_1
    libinit.o(.ARM.Collect$$libinit$$00000000) refers (Special) to libinit2.o(.ARM.Collect$$libinit$$00000002) for __rt_lib_init_fp_1
    libinit.o(.ARM.Collect$$libinit$$00000000) refers (Special) to libinit2.o(.ARM.Collect$$libinit$$00000021) for __rt_lib_init_fp_trap_1
    libinit.o(.ARM.Collect$$libinit$$00000000) refers (Special) to libinit2.o(.ARM.Collect$$libinit$$00000025) for __rt_lib_init_getenv_1
    libinit.o(.ARM.Collect$$libinit$$00000000) refers (Special) to libinit2.o(.ARM.Collect$$libinit$$0000000C) for __rt_lib_init_heap_1
    libinit.o(.ARM.Collect$$libinit$$00000000) refers (Special) to libinit2.o(.ARM.Collect$$libinit$$00000013) for __rt_lib_init_lc_collate_1
    libinit.o(.ARM.Collect$$libinit$$00000000) refers (Special) to libinit2.o(.ARM.Collect$$libinit$$00000015) for __rt_lib_init_lc_ctype_1
    libinit.o(.ARM.Collect$$libinit$$00000000) refers (Special) to libinit2.o(.ARM.Collect$$libinit$$00000017) for __rt_lib_init_lc_monetary_1
    libinit.o(.ARM.Collect$$libinit$$00000000) refers (Special) to libinit2.o(.ARM.Collect$$libinit$$00000019) for __rt_lib_init_lc_numeric_1
    libinit.o(.ARM.Collect$$libinit$$00000000) refers (Special) to libinit2.o(.ARM.Collect$$libinit$$0000001B) for __rt_lib_init_lc_time_1
    libinit.o(.ARM.Collect$$libinit$$00000000) refers (Special) to libinit2.o(.ARM.Collect$$libinit$$00000006) for __rt_lib_init_preinit_1
    libinit.o(.ARM.Collect$$libinit$$00000000) refers (Special) to libinit2.o(.ARM.Collect$$libinit$$00000010) for __rt_lib_init_rand_1
    libinit.o(.ARM.Collect$$libinit$$00000000) refers (Special) to libinit2.o(.ARM.Collect$$libinit$$00000004) for __rt_lib_init_relocate_pie_1
    libinit.o(.ARM.Collect$$libinit$$00000000) refers (Special) to libinit2.o(.ARM.Collect$$libinit$$00000035) for __rt_lib_init_return
    libinit.o(.ARM.Collect$$libinit$$00000000) refers (Special) to libinit2.o(.ARM.Collect$$libinit$$0000001F) for __rt_lib_init_signal_1
    libinit.o(.ARM.Collect$$libinit$$00000000) refers (Special) to libinit2.o(.ARM.Collect$$libinit$$00000027) for __rt_lib_init_stdio_1
    libinit.o(.ARM.Collect$$libinit$$00000000) refers (Special) to libinit2.o(.ARM.Collect$$libinit$$0000000E) for __rt_lib_init_user_alloc_1
    libspace.o(.text) refers to libspace.o(.bss) for __libspace_start
    rtexit.o(.ARM.Collect$$rtexit$$00000000) refers (Special) to rtexit2.o(.ARM.Collect$$rtexit$$00000004) for __rt_exit_exit
    rtexit.o(.ARM.Collect$$rtexit$$00000000) refers (Special) to rtexit2.o(.ARM.Collect$$rtexit$$00000003) for __rt_exit_ls
    rtexit.o(.ARM.Collect$$rtexit$$00000000) refers (Special) to rtexit2.o(.ARM.Collect$$rtexit$$00000002) for __rt_exit_prels_1
    rtexit.o(.ARM.exidx) refers (Special) to rtexit2.o(.ARM.Collect$$rtexit$$00000004) for __rt_exit_exit
    rtexit.o(.ARM.exidx) refers (Special) to rtexit2.o(.ARM.Collect$$rtexit$$00000003) for __rt_exit_ls
    rtexit.o(.ARM.exidx) refers (Special) to rtexit2.o(.ARM.Collect$$rtexit$$00000002) for __rt_exit_prels_1
    rtexit.o(.ARM.exidx) refers to rtexit.o(.ARM.Collect$$rtexit$$00000000) for .ARM.Collect$$rtexit$$00000000
    rt_raise.o(.text) refers to __raise.o(.text) for __raise
    rt_raise.o(.text) refers to sys_exit.o(.text) for _sys_exit
    defsig_exit.o(.text) refers to sys_exit.o(.text) for _sys_exit
    defsig_fpe_inner.o(.text) refers to defsig_general.o(.text) for __default_signal_display
    libinit2.o(.ARM.Collect$$libinit$$00000012) refers to libinit2.o(.ARM.Collect$$libinit$$00000011) for .ARM.Collect$$libinit$$00000011
    libinit2.o(.ARM.Collect$$libinit$$00000014) refers to libinit2.o(.ARM.Collect$$libinit$$00000011) for .ARM.Collect$$libinit$$00000011
    libinit2.o(.ARM.Collect$$libinit$$00000016) refers to libinit2.o(.ARM.Collect$$libinit$$00000011) for .ARM.Collect$$libinit$$00000011
    libinit2.o(.ARM.Collect$$libinit$$00000018) refers to libinit2.o(.ARM.Collect$$libinit$$00000011) for .ARM.Collect$$libinit$$00000011
    libinit2.o(.ARM.Collect$$libinit$$0000001A) refers to libinit2.o(.ARM.Collect$$libinit$$00000011) for .ARM.Collect$$libinit$$00000011
    libinit2.o(.ARM.Collect$$libinit$$00000028) refers to argv_veneer.o(.text) for __ARM_argv_veneer
    libinit2.o(.ARM.Collect$$libinit$$00000029) refers to argv_veneer.o(.text) for __ARM_argv_veneer
    sys_exit.o(.text) refers (Special) to use_no_semi.o(.text) for __I$use$semihosting
    sys_exit.o(.text) refers (Special) to indicate_semi.o(.text) for __semihosting_library_function
    sys_exit_hlt.o(.text) refers (Special) to use_no_semi.o(.text) for __I$use$semihosting
    sys_exit_hlt.o(.text) refers (Special) to indicate_semi.o(.text) for __semihosting_library_function
    rtexit2.o(.ARM.Collect$$rtexit$$00000003) refers to libshutdown.o(.ARM.Collect$$libshutdown$$00000000) for __rt_lib_shutdown
    rtexit2.o(.ARM.Collect$$rtexit$$00000004) refers to sys_exit.o(.text) for _sys_exit
    rtexit2.o(.ARM.exidx) refers to rtexit2.o(.ARM.Collect$$rtexit$$00000001) for .ARM.Collect$$rtexit$$00000001
    rtexit2.o(.ARM.exidx) refers to rtexit2.o(.ARM.Collect$$rtexit$$00000003) for .ARM.Collect$$rtexit$$00000003
    rtexit2.o(.ARM.exidx) refers to rtexit2.o(.ARM.Collect$$rtexit$$00000004) for .ARM.Collect$$rtexit$$00000004
    __raise.o(.text) refers to defsig.o(CL$$defsig) for __default_signal_handler
    defsig_general.o(.text) refers to sys_wrch.o(.text) for _ttywrch
    sys_wrch.o(.text) refers (Special) to use_no_semi.o(.text) for __I$use$semihosting
    sys_wrch.o(.text) refers (Special) to indicate_semi.o(.text) for __semihosting_library_function
    sys_wrch_hlt.o(.text) refers (Special) to use_no_semi.o(.text) for __I$use$semihosting
    sys_wrch_hlt.o(.text) refers (Special) to indicate_semi.o(.text) for __semihosting_library_function
    defsig.o(CL$$defsig) refers to defsig_fpe_inner.o(.text) for __rt_SIGFPE_inner
    defsig.o(CL$$defsig) refers to defsig_rtmem_inner.o(.text) for __rt_SIGRTMEM_inner
    _get_argv_nomalloc.o(.text) refers (Special) to hrguard.o(.text) for __heap_region$guard
    _get_argv_nomalloc.o(.text) refers to defsig_rtmem_outer.o(.text) for __rt_SIGRTMEM
    _get_argv_nomalloc.o(.text) refers to sys_command.o(.text) for _sys_command_string
    libshutdown.o(.ARM.Collect$$libshutdown$$00000000) refers (Special) to libshutdown2.o(.ARM.Collect$$libshutdown$$00000002) for __rt_lib_shutdown_cpp_1
    libshutdown.o(.ARM.Collect$$libshutdown$$00000000) refers (Special) to libshutdown2.o(.ARM.Collect$$libshutdown$$00000007) for __rt_lib_shutdown_fp_trap_1
    libshutdown.o(.ARM.Collect$$libshutdown$$00000000) refers (Special) to libshutdown2.o(.ARM.Collect$$libshutdown$$0000000F) for __rt_lib_shutdown_heap_1
    libshutdown.o(.ARM.Collect$$libshutdown$$00000000) refers (Special) to libshutdown2.o(.ARM.Collect$$libshutdown$$00000010) for __rt_lib_shutdown_return
    libshutdown.o(.ARM.Collect$$libshutdown$$00000000) refers (Special) to libshutdown2.o(.ARM.Collect$$libshutdown$$0000000A) for __rt_lib_shutdown_signal_1
    libshutdown.o(.ARM.Collect$$libshutdown$$00000000) refers (Special) to libshutdown2.o(.ARM.Collect$$libshutdown$$00000004) for __rt_lib_shutdown_stdio_1
    libshutdown.o(.ARM.Collect$$libshutdown$$00000000) refers (Special) to libshutdown2.o(.ARM.Collect$$libshutdown$$0000000C) for __rt_lib_shutdown_user_alloc_1
    sys_command.o(.text) refers (Special) to use_no_semi.o(.text) for __I$use$semihosting
    sys_command.o(.text) refers (Special) to indicate_semi.o(.text) for __semihosting_library_function
    sys_command_hlt.o(.text) refers (Special) to use_no_semi.o(.text) for __I$use$semihosting
    sys_command_hlt.o(.text) refers (Special) to indicate_semi.o(.text) for __semihosting_library_function
    defsig_abrt_inner.o(.text) refers to defsig_general.o(.text) for __default_signal_display
    defsig_rtred_inner.o(.text) refers to defsig_general.o(.text) for __default_signal_display
    defsig_rtmem_inner.o(.text) refers to defsig_general.o(.text) for __default_signal_display
    defsig_rtmem_outer.o(.text) refers to defsig_rtmem_inner.o(.text) for __rt_SIGRTMEM_inner
    defsig_rtmem_outer.o(.text) refers to defsig_exit.o(.text) for __sig_exit
    defsig_rtmem_formal.o(.text) refers to rt_raise.o(.text) for __rt_raise
    defsig_stak_inner.o(.text) refers to defsig_general.o(.text) for __default_signal_display
    defsig_pvfn_inner.o(.text) refers to defsig_general.o(.text) for __default_signal_display
    defsig_cppl_inner.o(.text) refers to defsig_general.o(.text) for __default_signal_display
    defsig_segv_inner.o(.text) refers to defsig_general.o(.text) for __default_signal_display
    defsig_other.o(.text) refers to defsig_general.o(.text) for __default_signal_display


==============================================================================

Removing Unused input sections from the image.

    Removing main.o(.text), (0 bytes).
    Removing main.o(.ARM.exidx.text.delay_ms), (8 bytes).
    Removing main.o(.ARM.exidx.text.main), (8 bytes).
    Removing main.o(.ARM.use_no_argv), (4 bytes).
    Removing gpio.o(.text), (0 bytes).
    Removing gpio.o(.ARM.exidx.text.GPIO_RCC_CONFIGURE), (8 bytes).
    Removing gpio.o(.ARM.exidx.text.GPIO_CONFIGURE), (8 bytes).
    Removing i2c_2.o(.text), (0 bytes).
    Removing i2c_2.o(.ARM.exidx.text.I2C_2_RCC_CONFIGURE), (8 bytes).
    Removing i2c_2.o(.ARM.exidx.text.I2C_2_CONFIGURE), (8 bytes).
    Removing i2c_2.o(.ARM.exidx.text.I2C2_WRITE_CMD), (8 bytes).
    Removing i2c_2.o(.ARM.exidx.text.I2C2_WRITE_DATA), (8 bytes).
    Removing system_rcc.o(.text), (0 bytes).
    Removing system_rcc.o(.ARM.exidx.text.RCC_CONFIGURE), (8 bytes).
    Removing ssd1306.o(.text), (0 bytes).
    Removing ssd1306.o(.ARM.exidx.text.OLED_FUN_CMD), (8 bytes).
    Removing ssd1306.o(.ARM.exidx.text.OLED_ADDRESSING_CMD), (8 bytes).
    Removing ssd1306.o(.ARM.exidx.text.OLED_ADDRESSING_CMD_DATA), (8 bytes).
    Removing ssd1306.o(.ARM.exidx.text.OLED_STARTING_PAGE), (8 bytes).
    Removing ssd1306.o(.ARM.exidx.text.OLED_SET_COURSOR), (8 bytes).
    Removing ssd1306.o(.ARM.exidx.text.OLED_DISPLAY_CLEAR), (8 bytes).
    Removing system_stm32g0xx.o(.text), (0 bytes).
    Removing system_stm32g0xx.o(.ARM.exidx.text.SystemInit), (8 bytes).
    Removing system_stm32g0xx.o(.text.SystemCoreClockUpdate), (380 bytes).
    Removing system_stm32g0xx.o(.ARM.exidx.text.SystemCoreClockUpdate), (8 bytes).
    Removing system_stm32g0xx.o(.data.SystemCoreClock), (4 bytes).
    Removing system_stm32g0xx.o(.rodata.AHBPrescTable), (64 bytes).
    Removing system_stm32g0xx.o(.rodata.APBPrescTable), (32 bytes).

28 unused section(s) (total 620 bytes) removed from the image.

==============================================================================

Image Symbol Table

    Local Symbols

    Symbol Name                              Value     Ov Type        Size  Object(Section)

    ../clib/angel/boardlib.s                 0x00000000   Number         0  boardinit1.o ABSOLUTE
    ../clib/angel/boardlib.s                 0x00000000   Number         0  boardinit2.o ABSOLUTE
    ../clib/angel/boardlib.s                 0x00000000   Number         0  boardinit3.o ABSOLUTE
    ../clib/angel/boardlib.s                 0x00000000   Number         0  boardshut.o ABSOLUTE
    ../clib/angel/handlers.s                 0x00000000   Number         0  __scatter_zi.o ABSOLUTE
    ../clib/angel/kernel.s                   0x00000000   Number         0  __rtentry.o ABSOLUTE
    ../clib/angel/kernel.s                   0x00000000   Number         0  __rtentry2.o ABSOLUTE
    ../clib/angel/kernel.s                   0x00000000   Number         0  __rtentry4.o ABSOLUTE
    ../clib/angel/kernel.s                   0x00000000   Number         0  rtexit.o ABSOLUTE
    ../clib/angel/kernel.s                   0x00000000   Number         0  rtexit2.o ABSOLUTE
    ../clib/angel/rt.s                       0x00000000   Number         0  aeabi_idiv0.o ABSOLUTE
    ../clib/angel/rt.s                       0x00000000   Number         0  aeabi_idiv0_sigfpe.o ABSOLUTE
    ../clib/angel/rt.s                       0x00000000   Number         0  rt_div0.o ABSOLUTE
    ../clib/angel/rt.s                       0x00000000   Number         0  rt_raise.o ABSOLUTE
    ../clib/angel/scatterp.s                 0x00000000   Number         0  __scatter.o ABSOLUTE
    ../clib/angel/startup.s                  0x00000000   Number         0  __main.o ABSOLUTE
    ../clib/angel/sys.s                      0x00000000   Number         0  sys_stackheap_outer.o ABSOLUTE
    ../clib/angel/sys.s                      0x00000000   Number         0  libspace.o ABSOLUTE
    ../clib/angel/sys.s                      0x00000000   Number         0  tempstk.o ABSOLUTE
    ../clib/angel/sys.s                      0x00000000   Number         0  use_no_semi.o ABSOLUTE
    ../clib/angel/sys.s                      0x00000000   Number         0  indicate_semi.o ABSOLUTE
    ../clib/angel/sysapp.c                   0x00000000   Number         0  sys_exit.o ABSOLUTE
    ../clib/angel/sysapp.c                   0x00000000   Number         0  sys_exit_hlt.o ABSOLUTE
    ../clib/angel/sysapp.c                   0x00000000   Number         0  sys_wrch.o ABSOLUTE
    ../clib/angel/sysapp.c                   0x00000000   Number         0  sys_wrch_hlt.o ABSOLUTE
    ../clib/angel/sysapp.c                   0x00000000   Number         0  sys_command.o ABSOLUTE
    ../clib/angel/sysapp.c                   0x00000000   Number         0  sys_command_hlt.o ABSOLUTE
    ../clib/armsys.c                         0x00000000   Number         0  argv_veneer.o ABSOLUTE
    ../clib/armsys.c                         0x00000000   Number         0  _get_argv_nomalloc.o ABSOLUTE
    ../clib/armsys.c                         0x00000000   Number         0  no_argv.o ABSOLUTE
    ../clib/division.s                       0x00000000   Number         0  aeabi_sdiv.o ABSOLUTE
    ../clib/division.s                       0x00000000   Number         0  aeabi_sdiv_div0.o ABSOLUTE
    ../clib/heapalloc.c                      0x00000000   Number         0  hrguard.o ABSOLUTE
    ../clib/heapaux.c                        0x00000000   Number         0  heapauxi.o ABSOLUTE
    ../clib/libinit.s                        0x00000000   Number         0  libinit.o ABSOLUTE
    ../clib/libinit.s                        0x00000000   Number         0  libinit2.o ABSOLUTE
    ../clib/libinit.s                        0x00000000   Number         0  libshutdown.o ABSOLUTE
    ../clib/libinit.s                        0x00000000   Number         0  libshutdown2.o ABSOLUTE
    ../clib/signal.c                         0x00000000   Number         0  defsig_fpe_outer.o ABSOLUTE
    ../clib/signal.c                         0x00000000   Number         0  defsig_fpe_formal.o ABSOLUTE
    ../clib/signal.c                         0x00000000   Number         0  defsig_exit.o ABSOLUTE
    ../clib/signal.c                         0x00000000   Number         0  defsig_fpe_inner.o ABSOLUTE
    ../clib/signal.c                         0x00000000   Number         0  __raise.o ABSOLUTE
    ../clib/signal.c                         0x00000000   Number         0  defsig_general.o ABSOLUTE
    ../clib/signal.c                         0x00000000   Number         0  defsig_abrt_inner.o ABSOLUTE
    ../clib/signal.c                         0x00000000   Number         0  defsig_rtred_inner.o ABSOLUTE
    ../clib/signal.c                         0x00000000   Number         0  defsig_rtmem_inner.o ABSOLUTE
    ../clib/signal.c                         0x00000000   Number         0  defsig_rtmem_outer.o ABSOLUTE
    ../clib/signal.c                         0x00000000   Number         0  defsig_rtmem_formal.o ABSOLUTE
    ../clib/signal.c                         0x00000000   Number         0  defsig_stak_inner.o ABSOLUTE
    ../clib/signal.c                         0x00000000   Number         0  defsig_pvfn_inner.o ABSOLUTE
    ../clib/signal.c                         0x00000000   Number         0  defsig_cppl_inner.o ABSOLUTE
    ../clib/signal.c                         0x00000000   Number         0  defsig_segv_inner.o ABSOLUTE
    ../clib/signal.c                         0x00000000   Number         0  defsig_other.o ABSOLUTE
    ../clib/signal.s                         0x00000000   Number         0  defsig.o ABSOLUTE
    ../clib/stdlib.c                         0x00000000   Number         0  exit.o ABSOLUTE
    ../fplib/cfplib/fpinit.c                 0x00000000   Number         0  fpinit.o ABSOLUTE
    GPIO.c                                   0x00000000   Number         0  gpio.o ABSOLUTE
    I2C_2.c                                  0x00000000   Number         0  i2c_2.o ABSOLUTE
    RTE/Device/STM32G030F6Px/startup_stm32g030xx.s 0x00000000   Number         0  startup_stm32g030xx.o ABSOLUTE
    SSD1306.c                                0x00000000   Number         0  ssd1306.o ABSOLUTE
    System_RCC.c                             0x00000000   Number         0  system_rcc.o ABSOLUTE
    dc.s                                     0x00000000   Number         0  dc.o ABSOLUTE
    main.c                                   0x00000000   Number         0  main.o ABSOLUTE
    system_stm32g0xx.c                       0x00000000   Number         0  system_stm32g0xx.o ABSOLUTE
    RESET                                    0x08000000   Section      192  startup_stm32g030xx.o(RESET)
    !!!main                                  0x080000c0   Section        8  __main.o(!!!main)
    !!!scatter                               0x080000c8   Section       84  __scatter.o(!!!scatter)
    !!handler_null                           0x0800011c   Section        2  __scatter.o(!!handler_null)
    !!handler_zi                             0x08000120   Section       28  __scatter_zi.o(!!handler_zi)
    .ARM.Collect$$libinit$$00000000          0x0800013c   Section        2  libinit.o(.ARM.Collect$$libinit$$00000000)
    .ARM.Collect$$libinit$$00000002          0x0800013e   Section        0  libinit2.o(.ARM.Collect$$libinit$$00000002)
    .ARM.Collect$$libinit$$00000004          0x0800013e   Section        0  libinit2.o(.ARM.Collect$$libinit$$00000004)
    .ARM.Collect$$libinit$$00000006          0x0800013e   Section        0  libinit2.o(.ARM.Collect$$libinit$$00000006)
    .ARM.Collect$$libinit$$0000000C          0x0800013e   Section        0  libinit2.o(.ARM.Collect$$libinit$$0000000C)
    .ARM.Collect$$libinit$$0000000E          0x0800013e   Section        0  libinit2.o(.ARM.Collect$$libinit$$0000000E)
    .ARM.Collect$$libinit$$00000010          0x0800013e   Section        0  libinit2.o(.ARM.Collect$$libinit$$00000010)
    .ARM.Collect$$libinit$$00000013          0x0800013e   Section        0  libinit2.o(.ARM.Collect$$libinit$$00000013)
    .ARM.Collect$$libinit$$00000015          0x0800013e   Section        0  libinit2.o(.ARM.Collect$$libinit$$00000015)
    .ARM.Collect$$libinit$$00000017          0x0800013e   Section        0  libinit2.o(.ARM.Collect$$libinit$$00000017)
    .ARM.Collect$$libinit$$00000019          0x0800013e   Section        0  libinit2.o(.ARM.Collect$$libinit$$00000019)
    .ARM.Collect$$libinit$$0000001B          0x0800013e   Section        0  libinit2.o(.ARM.Collect$$libinit$$0000001B)
    .ARM.Collect$$libinit$$0000001D          0x0800013e   Section        0  libinit2.o(.ARM.Collect$$libinit$$0000001D)
    .ARM.Collect$$libinit$$0000001F          0x0800013e   Section        0  libinit2.o(.ARM.Collect$$libinit$$0000001F)
    .ARM.Collect$$libinit$$00000021          0x0800013e   Section        0  libinit2.o(.ARM.Collect$$libinit$$00000021)
    .ARM.Collect$$libinit$$00000023          0x0800013e   Section        0  libinit2.o(.ARM.Collect$$libinit$$00000023)
    .ARM.Collect$$libinit$$00000025          0x0800013e   Section        0  libinit2.o(.ARM.Collect$$libinit$$00000025)
    .ARM.Collect$$libinit$$00000027          0x0800013e   Section        0  libinit2.o(.ARM.Collect$$libinit$$00000027)
    .ARM.Collect$$libinit$$0000002E          0x0800013e   Section        0  libinit2.o(.ARM.Collect$$libinit$$0000002E)
    .ARM.Collect$$libinit$$00000030          0x0800013e   Section        0  libinit2.o(.ARM.Collect$$libinit$$00000030)
    .ARM.Collect$$libinit$$00000032          0x0800013e   Section        0  libinit2.o(.ARM.Collect$$libinit$$00000032)
    .ARM.Collect$$libinit$$00000034          0x0800013e   Section        0  libinit2.o(.ARM.Collect$$libinit$$00000034)
    .ARM.Collect$$libinit$$00000035          0x0800013e   Section        2  libinit2.o(.ARM.Collect$$libinit$$00000035)
    .ARM.Collect$$libshutdown$$00000000      0x08000140   Section        2  libshutdown.o(.ARM.Collect$$libshutdown$$00000000)
    .ARM.Collect$$libshutdown$$00000002      0x08000142   Section        0  libshutdown2.o(.ARM.Collect$$libshutdown$$00000002)
    .ARM.Collect$$libshutdown$$00000004      0x08000142   Section        0  libshutdown2.o(.ARM.Collect$$libshutdown$$00000004)
    .ARM.Collect$$libshutdown$$00000007      0x08000142   Section        0  libshutdown2.o(.ARM.Collect$$libshutdown$$00000007)
    .ARM.Collect$$libshutdown$$0000000A      0x08000142   Section        0  libshutdown2.o(.ARM.Collect$$libshutdown$$0000000A)
    .ARM.Collect$$libshutdown$$0000000C      0x08000142   Section        0  libshutdown2.o(.ARM.Collect$$libshutdown$$0000000C)
    .ARM.Collect$$libshutdown$$0000000F      0x08000142   Section        0  libshutdown2.o(.ARM.Collect$$libshutdown$$0000000F)
    .ARM.Collect$$libshutdown$$00000010      0x08000142   Section        2  libshutdown2.o(.ARM.Collect$$libshutdown$$00000010)
    .ARM.Collect$$rtentry$$00000000          0x08000144   Section        0  __rtentry.o(.ARM.Collect$$rtentry$$00000000)
    .ARM.Collect$$rtentry$$00000002          0x08000144   Section        0  __rtentry2.o(.ARM.Collect$$rtentry$$00000002)
    .ARM.Collect$$rtentry$$00000004          0x08000144   Section        6  __rtentry4.o(.ARM.Collect$$rtentry$$00000004)
    .ARM.Collect$$rtentry$$00000009          0x0800014a   Section        0  __rtentry2.o(.ARM.Collect$$rtentry$$00000009)
    .ARM.Collect$$rtentry$$0000000A          0x0800014a   Section        4  __rtentry2.o(.ARM.Collect$$rtentry$$0000000A)
    .ARM.Collect$$rtentry$$0000000C          0x0800014e   Section        0  __rtentry2.o(.ARM.Collect$$rtentry$$0000000C)
    .ARM.Collect$$rtentry$$0000000D          0x0800014e   Section        8  __rtentry2.o(.ARM.Collect$$rtentry$$0000000D)
    .ARM.Collect$$rtexit$$00000000           0x08000156   Section        2  rtexit.o(.ARM.Collect$$rtexit$$00000000)
    .ARM.Collect$$rtexit$$00000002           0x08000158   Section        0  rtexit2.o(.ARM.Collect$$rtexit$$00000002)
    .ARM.Collect$$rtexit$$00000003           0x08000158   Section        4  rtexit2.o(.ARM.Collect$$rtexit$$00000003)
    .ARM.Collect$$rtexit$$00000004           0x0800015c   Section        6  rtexit2.o(.ARM.Collect$$rtexit$$00000004)
    .text                                    0x08000164   Section       56  startup_stm32g030xx.o(.text)
    .text                                    0x0800019c   Section        0  heapauxi.o(.text)
    .text                                    0x080001a2   Section       62  sys_stackheap_outer.o(.text)
    .text                                    0x080001e0   Section        0  exit.o(.text)
    .text                                    0x080001f0   Section        8  libspace.o(.text)
    .text                                    0x080001f8   Section        0  sys_exit.o(.text)
    .text                                    0x08000204   Section        2  use_no_semi.o(.text)
    .text                                    0x08000206   Section        0  indicate_semi.o(.text)
    [Anonymous Symbol]                       0x08000208   Section        0  gpio.o(.text.GPIO_CONFIGURE)
    __arm_cp.1_0                             0x080002bc   Number         4  gpio.o(.text.GPIO_CONFIGURE)
    __arm_cp.1_1                             0x080002c0   Number         4  gpio.o(.text.GPIO_CONFIGURE)
    __arm_cp.1_2                             0x080002c4   Number         4  gpio.o(.text.GPIO_CONFIGURE)
    __arm_cp.1_3                             0x080002c8   Number         4  gpio.o(.text.GPIO_CONFIGURE)
    __arm_cp.1_4                             0x080002cc   Number         4  gpio.o(.text.GPIO_CONFIGURE)
    __arm_cp.1_5                             0x080002d0   Number         4  gpio.o(.text.GPIO_CONFIGURE)
    [Anonymous Symbol]                       0x080002d4   Section        0  gpio.o(.text.GPIO_RCC_CONFIGURE)
    __arm_cp.0_0                             0x080002f0   Number         4  gpio.o(.text.GPIO_RCC_CONFIGURE)
    [Anonymous Symbol]                       0x080002f4   Section        0  i2c_2.o(.text.I2C2_WRITE_CMD)
    [Anonymous Symbol]                       0x080003d8   Section        0  i2c_2.o(.text.I2C2_WRITE_DATA)
    __arm_cp.3_0                             0x080004bc   Number         4  i2c_2.o(.text.I2C2_WRITE_DATA)
    __arm_cp.3_1                             0x080004c0   Number         4  i2c_2.o(.text.I2C2_WRITE_DATA)
    __arm_cp.3_2                             0x080004c4   Number         4  i2c_2.o(.text.I2C2_WRITE_DATA)
    __arm_cp.3_3                             0x080004c8   Number         4  i2c_2.o(.text.I2C2_WRITE_DATA)
    [Anonymous Symbol]                       0x080004cc   Section        0  i2c_2.o(.text.I2C_2_CONFIGURE)
    __arm_cp.1_0                             0x08000548   Number         4  i2c_2.o(.text.I2C_2_CONFIGURE)
    __arm_cp.1_1                             0x0800054c   Number         4  i2c_2.o(.text.I2C_2_CONFIGURE)
    [Anonymous Symbol]                       0x08000550   Section        0  i2c_2.o(.text.I2C_2_RCC_CONFIGURE)
    __arm_cp.0_0                             0x08000560   Number         4  i2c_2.o(.text.I2C_2_RCC_CONFIGURE)
    [Anonymous Symbol]                       0x08000564   Section        0  ssd1306.o(.text.OLED_ADDRESSING_CMD)
    [Anonymous Symbol]                       0x08000578   Section        0  ssd1306.o(.text.OLED_ADDRESSING_CMD_DATA)
    [Anonymous Symbol]                       0x0800058c   Section        0  ssd1306.o(.text.OLED_DISPLAY_CLEAR)
    [Anonymous Symbol]                       0x080005ee   Section        0  ssd1306.o(.text.OLED_FUN_CMD)
    [Anonymous Symbol]                       0x08000602   Section        0  ssd1306.o(.text.OLED_SET_COURSOR)
    [Anonymous Symbol]                       0x08000658   Section        0  ssd1306.o(.text.OLED_STARTING_PAGE)
    [Anonymous Symbol]                       0x0800066c   Section        0  system_rcc.o(.text.RCC_CONFIGURE)
    __arm_cp.0_0                             0x08000694   Number         4  system_rcc.o(.text.RCC_CONFIGURE)
    __arm_cp.0_1                             0x08000698   Number         4  system_rcc.o(.text.RCC_CONFIGURE)
    [Anonymous Symbol]                       0x0800069c   Section        0  system_stm32g0xx.o(.text.SystemInit)
    [Anonymous Symbol]                       0x0800069e   Section        0  main.o(.text.delay_ms)
    [Anonymous Symbol]                       0x080006c6   Section        0  main.o(.text.main)
    .bss                                     0x20000000   Section       96  libspace.o(.bss)
    Heap_Mem                                 0x20000060   Data         512  startup_stm32g030xx.o(HEAP)
    HEAP                                     0x20000060   Section      512  startup_stm32g030xx.o(HEAP)
    Stack_Mem                                0x20000260   Data        1024  startup_stm32g030xx.o(STACK)
    STACK                                    0x20000260   Section     1024  startup_stm32g030xx.o(STACK)
    __initial_sp                             0x20000660   Data           0  startup_stm32g030xx.o(STACK)

    Global Symbols

    Symbol Name                              Value     Ov Type        Size  Object(Section)

    BuildAttributes$$THM_ISAv3M$S$PE$A:L22$X:L11$S22$IEEE1$IW$~IW$USESV6$~STKCKD$USESV7$~SHL$OSPACE$ROPI$EBA8$UX$STANDARDLIB$REQ8$PRES8$EABIv2 0x00000000   Number         0  anon$$obj.o ABSOLUTE
    __ARM_exceptions_init                     - Undefined Weak Reference
    __alloca_initialize                       - Undefined Weak Reference
    __arm_preinit_                            - Undefined Weak Reference
    __arm_relocate_pie_                       - Undefined Weak Reference
    __cpp_initialize__aeabi_                  - Undefined Weak Reference
    __cxa_finalize                            - Undefined Weak Reference
    __rt_locale                               - Undefined Weak Reference
    __sigvec_lookup                           - Undefined Weak Reference
    _atexit_init                              - Undefined Weak Reference
    _call_atexit_fns                          - Undefined Weak Reference
    _clock_init                               - Undefined Weak Reference
    _fp_trap_init                             - Undefined Weak Reference
    _fp_trap_shutdown                         - Undefined Weak Reference
    _get_lc_collate                           - Undefined Weak Reference
    _get_lc_ctype                             - Undefined Weak Reference
    _get_lc_monetary                          - Undefined Weak Reference
    _get_lc_numeric                           - Undefined Weak Reference
    _get_lc_time                              - Undefined Weak Reference
    _getenv_init                              - Undefined Weak Reference
    _handle_redirection                       - Undefined Weak Reference
    _init_alloc                               - Undefined Weak Reference
    _init_user_alloc                          - Undefined Weak Reference
    _initio                                   - Undefined Weak Reference
    _rand_init                                - Undefined Weak Reference
    _signal_finish                            - Undefined Weak Reference
    _signal_init                              - Undefined Weak Reference
    _terminate_alloc                          - Undefined Weak Reference
    _terminate_user_alloc                     - Undefined Weak Reference
    _terminateio                              - Undefined Weak Reference
    __Vectors_Size                           0x000000c0   Number         0  startup_stm32g030xx.o ABSOLUTE
    __Vectors                                0x08000000   Data           4  startup_stm32g030xx.o(RESET)
    __Vectors_End                            0x080000c0   Data           0  startup_stm32g030xx.o(RESET)
    __main                                   0x080000c1   Thumb Code     8  __main.o(!!!main)
    __scatterload                            0x080000c9   Thumb Code     0  __scatter.o(!!!scatter)
    __scatterload_rt2                        0x080000c9   Thumb Code    74  __scatter.o(!!!scatter)
    __scatterload_rt2_thumb_only             0x080000c9   Thumb Code     0  __scatter.o(!!!scatter)
    __scatterload_loop                       0x080000d3   Thumb Code     0  __scatter.o(!!!scatter)
    __scatterload_null                       0x0800011d   Thumb Code     2  __scatter.o(!!handler_null)
    __scatterload_zeroinit                   0x08000121   Thumb Code    28  __scatter_zi.o(!!handler_zi)
    __rt_lib_init                            0x0800013d   Thumb Code     0  libinit.o(.ARM.Collect$$libinit$$00000000)
    __rt_lib_init_alloca_1                   0x0800013f   Thumb Code     0  libinit2.o(.ARM.Collect$$libinit$$00000030)
    __rt_lib_init_argv_1                     0x0800013f   Thumb Code     0  libinit2.o(.ARM.Collect$$libinit$$0000002E)
    __rt_lib_init_atexit_1                   0x0800013f   Thumb Code     0  libinit2.o(.ARM.Collect$$libinit$$0000001D)
    __rt_lib_init_clock_1                    0x0800013f   Thumb Code     0  libinit2.o(.ARM.Collect$$libinit$$00000023)
    __rt_lib_init_cpp_1                      0x0800013f   Thumb Code     0  libinit2.o(.ARM.Collect$$libinit$$00000034)
    __rt_lib_init_exceptions_1               0x0800013f   Thumb Code     0  libinit2.o(.ARM.Collect$$libinit$$00000032)
    __rt_lib_init_fp_1                       0x0800013f   Thumb Code     0  libinit2.o(.ARM.Collect$$libinit$$00000002)
    __rt_lib_init_fp_trap_1                  0x0800013f   Thumb Code     0  libinit2.o(.ARM.Collect$$libinit$$00000021)
    __rt_lib_init_getenv_1                   0x0800013f   Thumb Code     0  libinit2.o(.ARM.Collect$$libinit$$00000025)
    __rt_lib_init_heap_1                     0x0800013f   Thumb Code     0  libinit2.o(.ARM.Collect$$libinit$$0000000C)
    __rt_lib_init_lc_collate_1               0x0800013f   Thumb Code     0  libinit2.o(.ARM.Collect$$libinit$$00000013)
    __rt_lib_init_lc_ctype_1                 0x0800013f   Thumb Code     0  libinit2.o(.ARM.Collect$$libinit$$00000015)
    __rt_lib_init_lc_monetary_1              0x0800013f   Thumb Code     0  libinit2.o(.ARM.Collect$$libinit$$00000017)
    __rt_lib_init_lc_numeric_1               0x0800013f   Thumb Code     0  libinit2.o(.ARM.Collect$$libinit$$00000019)
    __rt_lib_init_lc_time_1                  0x0800013f   Thumb Code     0  libinit2.o(.ARM.Collect$$libinit$$0000001B)
    __rt_lib_init_preinit_1                  0x0800013f   Thumb Code     0  libinit2.o(.ARM.Collect$$libinit$$00000006)
    __rt_lib_init_rand_1                     0x0800013f   Thumb Code     0  libinit2.o(.ARM.Collect$$libinit$$00000010)
    __rt_lib_init_relocate_pie_1             0x0800013f   Thumb Code     0  libinit2.o(.ARM.Collect$$libinit$$00000004)
    __rt_lib_init_return                     0x0800013f   Thumb Code     0  libinit2.o(.ARM.Collect$$libinit$$00000035)
    __rt_lib_init_signal_1                   0x0800013f   Thumb Code     0  libinit2.o(.ARM.Collect$$libinit$$0000001F)
    __rt_lib_init_stdio_1                    0x0800013f   Thumb Code     0  libinit2.o(.ARM.Collect$$libinit$$00000027)
    __rt_lib_init_user_alloc_1               0x0800013f   Thumb Code     0  libinit2.o(.ARM.Collect$$libinit$$0000000E)
    __rt_lib_shutdown                        0x08000141   Thumb Code     0  libshutdown.o(.ARM.Collect$$libshutdown$$00000000)
    __rt_lib_shutdown_cpp_1                  0x08000143   Thumb Code     0  libshutdown2.o(.ARM.Collect$$libshutdown$$00000002)
    __rt_lib_shutdown_fp_trap_1              0x08000143   Thumb Code     0  libshutdown2.o(.ARM.Collect$$libshutdown$$00000007)
    __rt_lib_shutdown_heap_1                 0x08000143   Thumb Code     0  libshutdown2.o(.ARM.Collect$$libshutdown$$0000000F)
    __rt_lib_shutdown_return                 0x08000143   Thumb Code     0  libshutdown2.o(.ARM.Collect$$libshutdown$$00000010)
    __rt_lib_shutdown_signal_1               0x08000143   Thumb Code     0  libshutdown2.o(.ARM.Collect$$libshutdown$$0000000A)
    __rt_lib_shutdown_stdio_1                0x08000143   Thumb Code     0  libshutdown2.o(.ARM.Collect$$libshutdown$$00000004)
    __rt_lib_shutdown_user_alloc_1           0x08000143   Thumb Code     0  libshutdown2.o(.ARM.Collect$$libshutdown$$0000000C)
    __rt_entry                               0x08000145   Thumb Code     0  __rtentry.o(.ARM.Collect$$rtentry$$00000000)
    __rt_entry_presh_1                       0x08000145   Thumb Code     0  __rtentry2.o(.ARM.Collect$$rtentry$$00000002)
    __rt_entry_sh                            0x08000145   Thumb Code     0  __rtentry4.o(.ARM.Collect$$rtentry$$00000004)
    __rt_entry_li                            0x0800014b   Thumb Code     0  __rtentry2.o(.ARM.Collect$$rtentry$$0000000A)
    __rt_entry_postsh_1                      0x0800014b   Thumb Code     0  __rtentry2.o(.ARM.Collect$$rtentry$$00000009)
    __rt_entry_main                          0x0800014f   Thumb Code     0  __rtentry2.o(.ARM.Collect$$rtentry$$0000000D)
    __rt_entry_postli_1                      0x0800014f   Thumb Code     0  __rtentry2.o(.ARM.Collect$$rtentry$$0000000C)
    __rt_exit                                0x08000157   Thumb Code     0  rtexit.o(.ARM.Collect$$rtexit$$00000000)
    __rt_exit_ls                             0x08000159   Thumb Code     0  rtexit2.o(.ARM.Collect$$rtexit$$00000003)
    __rt_exit_prels_1                        0x08000159   Thumb Code     0  rtexit2.o(.ARM.Collect$$rtexit$$00000002)
    __rt_exit_exit                           0x0800015d   Thumb Code     0  rtexit2.o(.ARM.Collect$$rtexit$$00000004)
    Reset_Handler                            0x08000165   Thumb Code     8  startup_stm32g030xx.o(.text)
    NMI_Handler                              0x0800016d   Thumb Code     2  startup_stm32g030xx.o(.text)
    HardFault_Handler                        0x0800016f   Thumb Code     2  startup_stm32g030xx.o(.text)
    SVC_Handler                              0x08000171   Thumb Code     2  startup_stm32g030xx.o(.text)
    PendSV_Handler                           0x08000173   Thumb Code     2  startup_stm32g030xx.o(.text)
    SysTick_Handler                          0x08000175   Thumb Code     2  startup_stm32g030xx.o(.text)
    ADC1_IRQHandler                          0x08000177   Thumb Code     0  startup_stm32g030xx.o(.text)
    DMA1_Ch4_5_DMAMUX1_OVR_IRQHandler        0x08000177   Thumb Code     0  startup_stm32g030xx.o(.text)
    DMA1_Channel1_IRQHandler                 0x08000177   Thumb Code     0  startup_stm32g030xx.o(.text)
    DMA1_Channel2_3_IRQHandler               0x08000177   Thumb Code     0  startup_stm32g030xx.o(.text)
    EXTI0_1_IRQHandler                       0x08000177   Thumb Code     0  startup_stm32g030xx.o(.text)
    EXTI2_3_IRQHandler                       0x08000177   Thumb Code     0  startup_stm32g030xx.o(.text)
    EXTI4_15_IRQHandler                      0x08000177   Thumb Code     0  startup_stm32g030xx.o(.text)
    FLASH_IRQHandler                         0x08000177   Thumb Code     0  startup_stm32g030xx.o(.text)
    I2C1_IRQHandler                          0x08000177   Thumb Code     0  startup_stm32g030xx.o(.text)
    I2C2_IRQHandler                          0x08000177   Thumb Code     0  startup_stm32g030xx.o(.text)
    RCC_IRQHandler                           0x08000177   Thumb Code     0  startup_stm32g030xx.o(.text)
    RTC_TAMP_IRQHandler                      0x08000177   Thumb Code     0  startup_stm32g030xx.o(.text)
    SPI1_IRQHandler                          0x08000177   Thumb Code     0  startup_stm32g030xx.o(.text)
    SPI2_IRQHandler                          0x08000177   Thumb Code     0  startup_stm32g030xx.o(.text)
    TIM14_IRQHandler                         0x08000177   Thumb Code     0  startup_stm32g030xx.o(.text)
    TIM16_IRQHandler                         0x08000177   Thumb Code     0  startup_stm32g030xx.o(.text)
    TIM17_IRQHandler                         0x08000177   Thumb Code     0  startup_stm32g030xx.o(.text)
    TIM1_BRK_UP_TRG_COM_IRQHandler           0x08000177   Thumb Code     0  startup_stm32g030xx.o(.text)
    TIM1_CC_IRQHandler                       0x08000177   Thumb Code     0  startup_stm32g030xx.o(.text)
    TIM3_IRQHandler                          0x08000177   Thumb Code     0  startup_stm32g030xx.o(.text)
    USART1_IRQHandler                        0x08000177   Thumb Code     0  startup_stm32g030xx.o(.text)
    USART2_IRQHandler                        0x08000177   Thumb Code     0  startup_stm32g030xx.o(.text)
    WWDG_IRQHandler                          0x08000177   Thumb Code     0  startup_stm32g030xx.o(.text)
    __user_initial_stackheap                 0x08000179   Thumb Code     0  startup_stm32g030xx.o(.text)
    __use_two_region_memory                  0x0800019d   Thumb Code     2  heapauxi.o(.text)
    __rt_heap_escrow$2region                 0x0800019f   Thumb Code     2  heapauxi.o(.text)
    __rt_heap_expand$2region                 0x080001a1   Thumb Code     2  heapauxi.o(.text)
    __user_setup_stackheap                   0x080001a3   Thumb Code    62  sys_stackheap_outer.o(.text)
    exit                                     0x080001e1   Thumb Code    16  exit.o(.text)
    __user_libspace                          0x080001f1   Thumb Code     8  libspace.o(.text)
    __user_perproc_libspace                  0x080001f1   Thumb Code     0  libspace.o(.text)
    __user_perthread_libspace                0x080001f1   Thumb Code     0  libspace.o(.text)
    _sys_exit                                0x080001f9   Thumb Code     8  sys_exit.o(.text)
    __I$use$semihosting                      0x08000205   Thumb Code     0  use_no_semi.o(.text)
    __use_no_semihosting_swi                 0x08000205   Thumb Code     2  use_no_semi.o(.text)
    __semihosting_library_function           0x08000207   Thumb Code     0  indicate_semi.o(.text)
    GPIO_CONFIGURE                           0x08000209   Thumb Code   180  gpio.o(.text.GPIO_CONFIGURE)
    GPIO_RCC_CONFIGURE                       0x080002d5   Thumb Code    28  gpio.o(.text.GPIO_RCC_CONFIGURE)
    I2C2_WRITE_CMD                           0x080002f5   Thumb Code   228  i2c_2.o(.text.I2C2_WRITE_CMD)
    I2C2_WRITE_DATA                          0x080003d9   Thumb Code   228  i2c_2.o(.text.I2C2_WRITE_DATA)
    I2C_2_CONFIGURE                          0x080004cd   Thumb Code   124  i2c_2.o(.text.I2C_2_CONFIGURE)
    I2C_2_RCC_CONFIGURE                      0x08000551   Thumb Code    16  i2c_2.o(.text.I2C_2_RCC_CONFIGURE)
    OLED_ADDRESSING_CMD                      0x08000565   Thumb Code    20  ssd1306.o(.text.OLED_ADDRESSING_CMD)
    OLED_ADDRESSING_CMD_DATA                 0x08000579   Thumb Code    20  ssd1306.o(.text.OLED_ADDRESSING_CMD_DATA)
    OLED_DISPLAY_CLEAR                       0x0800058d   Thumb Code    98  ssd1306.o(.text.OLED_DISPLAY_CLEAR)
    OLED_FUN_CMD                             0x080005ef   Thumb Code    20  ssd1306.o(.text.OLED_FUN_CMD)
    OLED_SET_COURSOR                         0x08000603   Thumb Code    86  ssd1306.o(.text.OLED_SET_COURSOR)
    OLED_STARTING_PAGE                       0x08000659   Thumb Code    20  ssd1306.o(.text.OLED_STARTING_PAGE)
    RCC_CONFIGURE                            0x0800066d   Thumb Code    40  system_rcc.o(.text.RCC_CONFIGURE)
    SystemInit                               0x0800069d   Thumb Code     2  system_stm32g0xx.o(.text.SystemInit)
    delay_ms                                 0x0800069f   Thumb Code    40  main.o(.text.delay_ms)
    main                                     0x080006c7   Thumb Code  1398  main.o(.text.main)
    Region$$Table$$Base                      0x08000c3c   Number         0  anon$$obj.o(Region$$Table)
    Region$$Table$$Limit                     0x08000c4c   Number         0  anon$$obj.o(Region$$Table)
    __libspace_start                         0x20000000   Data          96  libspace.o(.bss)
    __temporary_stack_top$libspace           0x20000060   Data           0  libspace.o(.bss)



==============================================================================

Memory Map of the image

  Image Entry point : 0x080000c1

  Load Region LR_IROM1 (Base: 0x08000000, Size: 0x00000c4c, Max: 0x00008000, ABSOLUTE)

    Execution Region ER_IROM1 (Exec base: 0x08000000, Load base: 0x08000000, Size: 0x00000c4c, Max: 0x00008000, ABSOLUTE)

    Exec Addr    Load Addr    Size         Type   Attr      Idx    E Section Name        Object

    0x08000000   0x08000000   0x000000c0   Data   RO           68    RESET               startup_stm32g030xx.o
    0x080000c0   0x080000c0   0x00000008   Code   RO           97  * !!!main             c_p.l(__main.o)
    0x080000c8   0x080000c8   0x00000054   Code   RO          274    !!!scatter          c_p.l(__scatter.o)
    0x0800011c   0x0800011c   0x00000002   Code   RO          275    !!handler_null      c_p.l(__scatter.o)
    0x0800011e   0x0800011e   0x00000002   PAD
    0x08000120   0x08000120   0x0000001c   Code   RO          278    !!handler_zi        c_p.l(__scatter_zi.o)
    0x0800013c   0x0800013c   0x00000002   Code   RO          135    .ARM.Collect$$libinit$$00000000  c_p.l(libinit.o)
    0x0800013e   0x0800013e   0x00000000   Code   RO          149    .ARM.Collect$$libinit$$00000002  c_p.l(libinit2.o)
    0x0800013e   0x0800013e   0x00000000   Code   RO          151    .ARM.Collect$$libinit$$00000004  c_p.l(libinit2.o)
    0x0800013e   0x0800013e   0x00000000   Code   RO          153    .ARM.Collect$$libinit$$00000006  c_p.l(libinit2.o)
    0x0800013e   0x0800013e   0x00000000   Code   RO          156    .ARM.Collect$$libinit$$0000000C  c_p.l(libinit2.o)
    0x0800013e   0x0800013e   0x00000000   Code   RO          158    .ARM.Collect$$libinit$$0000000E  c_p.l(libinit2.o)
    0x0800013e   0x0800013e   0x00000000   Code   RO          160    .ARM.Collect$$libinit$$00000010  c_p.l(libinit2.o)
    0x0800013e   0x0800013e   0x00000000   Code   RO          163    .ARM.Collect$$libinit$$00000013  c_p.l(libinit2.o)
    0x0800013e   0x0800013e   0x00000000   Code   RO          165    .ARM.Collect$$libinit$$00000015  c_p.l(libinit2.o)
    0x0800013e   0x0800013e   0x00000000   Code   RO          167    .ARM.Collect$$libinit$$00000017  c_p.l(libinit2.o)
    0x0800013e   0x0800013e   0x00000000   Code   RO          169    .ARM.Collect$$libinit$$00000019  c_p.l(libinit2.o)
    0x0800013e   0x0800013e   0x00000000   Code   RO          171    .ARM.Collect$$libinit$$0000001B  c_p.l(libinit2.o)
    0x0800013e   0x0800013e   0x00000000   Code   RO          173    .ARM.Collect$$libinit$$0000001D  c_p.l(libinit2.o)
    0x0800013e   0x0800013e   0x00000000   Code   RO          175    .ARM.Collect$$libinit$$0000001F  c_p.l(libinit2.o)
    0x0800013e   0x0800013e   0x00000000   Code   RO          177    .ARM.Collect$$libinit$$00000021  c_p.l(libinit2.o)
    0x0800013e   0x0800013e   0x00000000   Code   RO          179    .ARM.Collect$$libinit$$00000023  c_p.l(libinit2.o)
    0x0800013e   0x0800013e   0x00000000   Code   RO          181    .ARM.Collect$$libinit$$00000025  c_p.l(libinit2.o)
    0x0800013e   0x0800013e   0x00000000   Code   RO          183    .ARM.Collect$$libinit$$00000027  c_p.l(libinit2.o)
    0x0800013e   0x0800013e   0x00000000   Code   RO          187    .ARM.Collect$$libinit$$0000002E  c_p.l(libinit2.o)
    0x0800013e   0x0800013e   0x00000000   Code   RO          189    .ARM.Collect$$libinit$$00000030  c_p.l(libinit2.o)
    0x0800013e   0x0800013e   0x00000000   Code   RO          191    .ARM.Collect$$libinit$$00000032  c_p.l(libinit2.o)
    0x0800013e   0x0800013e   0x00000000   Code   RO          193    .ARM.Collect$$libinit$$00000034  c_p.l(libinit2.o)
    0x0800013e   0x0800013e   0x00000002   Code   RO          194    .ARM.Collect$$libinit$$00000035  c_p.l(libinit2.o)
    0x08000140   0x08000140   0x00000002   Code   RO          229    .ARM.Collect$$libshutdown$$00000000  c_p.l(libshutdown.o)
    0x08000142   0x08000142   0x00000000   Code   RO          257    .ARM.Collect$$libshutdown$$00000002  c_p.l(libshutdown2.o)
    0x08000142   0x08000142   0x00000000   Code   RO          259    .ARM.Collect$$libshutdown$$00000004  c_p.l(libshutdown2.o)
    0x08000142   0x08000142   0x00000000   Code   RO          262    .ARM.Collect$$libshutdown$$00000007  c_p.l(libshutdown2.o)
    0x08000142   0x08000142   0x00000000   Code   RO          265    .ARM.Collect$$libshutdown$$0000000A  c_p.l(libshutdown2.o)
    0x08000142   0x08000142   0x00000000   Code   RO          267    .ARM.Collect$$libshutdown$$0000000C  c_p.l(libshutdown2.o)
    0x08000142   0x08000142   0x00000000   Code   RO          270    .ARM.Collect$$libshutdown$$0000000F  c_p.l(libshutdown2.o)
    0x08000142   0x08000142   0x00000002   Code   RO          271    .ARM.Collect$$libshutdown$$00000010  c_p.l(libshutdown2.o)
    0x08000144   0x08000144   0x00000000   Code   RO           99    .ARM.Collect$$rtentry$$00000000  c_p.l(__rtentry.o)
    0x08000144   0x08000144   0x00000000   Code   RO          105    .ARM.Collect$$rtentry$$00000002  c_p.l(__rtentry2.o)
    0x08000144   0x08000144   0x00000006   Code   RO          117    .ARM.Collect$$rtentry$$00000004  c_p.l(__rtentry4.o)
    0x0800014a   0x0800014a   0x00000000   Code   RO          107    .ARM.Collect$$rtentry$$00000009  c_p.l(__rtentry2.o)
    0x0800014a   0x0800014a   0x00000004   Code   RO          108    .ARM.Collect$$rtentry$$0000000A  c_p.l(__rtentry2.o)
    0x0800014e   0x0800014e   0x00000000   Code   RO          110    .ARM.Collect$$rtentry$$0000000C  c_p.l(__rtentry2.o)
    0x0800014e   0x0800014e   0x00000008   Code   RO          111    .ARM.Collect$$rtentry$$0000000D  c_p.l(__rtentry2.o)
    0x08000156   0x08000156   0x00000002   Code   RO          140    .ARM.Collect$$rtexit$$00000000  c_p.l(rtexit.o)
    0x08000158   0x08000158   0x00000000   Code   RO          200    .ARM.Collect$$rtexit$$00000002  c_p.l(rtexit2.o)
    0x08000158   0x08000158   0x00000004   Code   RO          201    .ARM.Collect$$rtexit$$00000003  c_p.l(rtexit2.o)
    0x0800015c   0x0800015c   0x00000006   Code   RO          202    .ARM.Collect$$rtexit$$00000004  c_p.l(rtexit2.o)
    0x08000162   0x08000162   0x00000002   PAD
    0x08000164   0x08000164   0x00000038   Code   RO           69    .text               startup_stm32g030xx.o
    0x0800019c   0x0800019c   0x00000006   Code   RO           95    .text               c_p.l(heapauxi.o)
    0x080001a2   0x080001a2   0x0000003e   Code   RO          121    .text               c_p.l(sys_stackheap_outer.o)
    0x080001e0   0x080001e0   0x00000010   Code   RO          124    .text               c_p.l(exit.o)
    0x080001f0   0x080001f0   0x00000008   Code   RO          136    .text               c_p.l(libspace.o)
    0x080001f8   0x080001f8   0x0000000c   Code   RO          195    .text               c_p.l(sys_exit.o)
    0x08000204   0x08000204   0x00000002   Code   RO          218    .text               c_p.l(use_no_semi.o)
    0x08000206   0x08000206   0x00000000   Code   RO          220    .text               c_p.l(indicate_semi.o)
    0x08000206   0x08000206   0x00000002   PAD
    0x08000208   0x08000208   0x000000cc   Code   RO           16    .text.GPIO_CONFIGURE  gpio.o
    0x080002d4   0x080002d4   0x00000020   Code   RO           14    .text.GPIO_RCC_CONFIGURE  gpio.o
    0x080002f4   0x080002f4   0x000000e4   Code   RO           29    .text.I2C2_WRITE_CMD  i2c_2.o
    0x080003d8   0x080003d8   0x000000f4   Code   RO           31    .text.I2C2_WRITE_DATA  i2c_2.o
    0x080004cc   0x080004cc   0x00000084   Code   RO           27    .text.I2C_2_CONFIGURE  i2c_2.o
    0x08000550   0x08000550   0x00000014   Code   RO           25    .text.I2C_2_RCC_CONFIGURE  i2c_2.o
    0x08000564   0x08000564   0x00000014   Code   RO           50    .text.OLED_ADDRESSING_CMD  ssd1306.o
    0x08000578   0x08000578   0x00000014   Code   RO           52    .text.OLED_ADDRESSING_CMD_DATA  ssd1306.o
    0x0800058c   0x0800058c   0x00000062   Code   RO           58    .text.OLED_DISPLAY_CLEAR  ssd1306.o
    0x080005ee   0x080005ee   0x00000014   Code   RO           48    .text.OLED_FUN_CMD  ssd1306.o
    0x08000602   0x08000602   0x00000056   Code   RO           56    .text.OLED_SET_COURSOR  ssd1306.o
    0x08000658   0x08000658   0x00000014   Code   RO           54    .text.OLED_STARTING_PAGE  ssd1306.o
    0x0800066c   0x0800066c   0x00000030   Code   RO           40    .text.RCC_CONFIGURE  system_rcc.o
    0x0800069c   0x0800069c   0x00000002   Code   RO           76    .text.SystemInit    system_stm32g0xx.o
    0x0800069e   0x0800069e   0x00000028   Code   RO            2    .text.delay_ms      main.o
    0x080006c6   0x080006c6   0x00000576   Code   RO            4    .text.main          main.o
    0x08000c3c   0x08000c3c   0x00000010   Data   RO          273    Region$$Table       anon$$obj.o


    Execution Region RW_IRAM1 (Exec base: 0x20000000, Load base: 0x08000c4c, Size: 0x00000660, Max: 0x00002000, ABSOLUTE)

    Exec Addr    Load Addr    Size         Type   Attr      Idx    E Section Name        Object

    0x20000000        -       0x00000060   Zero   RW          137    .bss                c_p.l(libspace.o)
    0x20000060        -       0x00000200   Zero   RW           67    HEAP                startup_stm32g030xx.o
    0x20000260        -       0x00000400   Zero   RW           66    STACK               startup_stm32g030xx.o


==============================================================================

Image component sizes


      Code (inc. data)   RO Data    RW Data    ZI Data      Debug   Object Name

       236         28          0          0          0       1903   gpio.o
       624         28          0          0          0       2317   i2c_2.o
      1438          0          0          0          0       1780   main.o
       264          0          0          0          0       2476   ssd1306.o
        56         26        192          0       1536        676   startup_stm32g030xx.o
        48          8          0          0          0       1277   system_rcc.o
         2          0          0          0          0       2019   system_stm32g0xx.o

    ----------------------------------------------------------------------
      2668         90        208          0       1536      12448   Object Totals
         0          0         16          0          0          0   (incl. Generated)
         0          0          0          0          0          0   (incl. Padding)

    ----------------------------------------------------------------------

      Code (inc. data)   RO Data    RW Data    ZI Data      Debug   Library Member Name

         8          0          0          0          0         68   __main.o
         0          0          0          0          0          0   __rtentry.o
        12          0          0          0          0          0   __rtentry2.o
         6          0          0          0          0          0   __rtentry4.o
        86         10          0          0          0          0   __scatter.o
        28          0          0          0          0          0   __scatter_zi.o
        16          0          0          0          0         68   exit.o
         6          0          0          0          0        136   heapauxi.o
         0          0          0          0          0          0   indicate_semi.o
         2          0          0          0          0          0   libinit.o
         2          0          0          0          0          0   libinit2.o
         2          0          0          0          0          0   libshutdown.o
         2          0          0          0          0          0   libshutdown2.o
         8          4          0          0         96         68   libspace.o
         2          0          0          0          0          0   rtexit.o
        10          0          0          0          0          0   rtexit2.o
        12          4          0          0          0         60   sys_exit.o
        62          0          0          0          0         80   sys_stackheap_outer.o
         2          0          0          0          0         68   use_no_semi.o

    ----------------------------------------------------------------------
       272         18          0          0         96        548   Library Totals
         6          0          0          0          0          0   (incl. Padding)

    ----------------------------------------------------------------------

      Code (inc. data)   RO Data    RW Data    ZI Data      Debug   Library Name

       266         18          0          0         96        548   c_p.l

    ----------------------------------------------------------------------
       272         18          0          0         96        548   Library Totals

    ----------------------------------------------------------------------

==============================================================================


      Code (inc. data)   RO Data    RW Data    ZI Data      Debug   

      2940        108        208          0       1632      12804   Grand Totals
      2940        108        208          0       1632      12804   ELF Image Totals
      2940        108        208          0          0          0   ROM Totals

==============================================================================

    Total RO  Size (Code + RO Data)                 3148 (   3.07kB)
    Total RW  Size (RW Data + ZI Data)              1632 (   1.59kB)
    Total ROM Size (Code + RO Data + RW Data)       3148 (   3.07kB)

==============================================================================

